scripts/check-allowance.ts(52,27): error TS18046: 'balance' is of type 'unknown'.
scripts/check-allowance.ts(53,29): error TS18046: 'allowance' is of type 'unknown'.
test/sharedEscrow.ts(3,40): error TS7016: Could not find a declaration file for module 'ethers'. 'C:/Users/IMAOBONG/metasend/node_modules/ethers/lib.esm/index.js' implicitly has an 'any' type.
  Try `npm i --save-dev @types/ethers` if it exists or add a new declaration (.d.ts) file containing `declare module 'ethers';`
typechain-types/@openzeppelin/contracts/access/AccessControl.ts(15,8): error TS7016: Could not find a declaration file for module 'ethers'. 'C:/Users/IMAOBONG/metasend/node_modules/ethers/lib.esm/index.js' implicitly has an 'any' type.
  Try `npm i --save-dev @types/ethers` if it exists or add a new declaration (.d.ts) file containing `declare module 'ethers';`
typechain-types/@openzeppelin/contracts/access/IAccessControl.ts(15,8): error TS7016: Could not find a declaration file for module 'ethers'. 'C:/Users/IMAOBONG/metasend/node_modules/ethers/lib.esm/index.js' implicitly has an 'any' type.
  Try `npm i --save-dev @types/ethers` if it exists or add a new declaration (.d.ts) file containing `declare module 'ethers';`
typechain-types/@openzeppelin/contracts/interfaces/draft-IERC6093.sol/IERC1155Errors.ts(11,8): error TS7016: Could not find a declaration file for module 'ethers'. 'C:/Users/IMAOBONG/metasend/node_modules/ethers/lib.esm/index.js' implicitly has an 'any' type.
  Try `npm i --save-dev @types/ethers` if it exists or add a new declaration (.d.ts) file containing `declare module 'ethers';`
typechain-types/@openzeppelin/contracts/interfaces/draft-IERC6093.sol/IERC20Errors.ts(11,8): error TS7016: Could not find a declaration file for module 'ethers'. 'C:/Users/IMAOBONG/metasend/node_modules/ethers/lib.esm/index.js' implicitly has an 'any' type.
  Try `npm i --save-dev @types/ethers` if it exists or add a new declaration (.d.ts) file containing `declare module 'ethers';`
typechain-types/@openzeppelin/contracts/interfaces/draft-IERC6093.sol/IERC721Errors.ts(11,8): error TS7016: Could not find a declaration file for module 'ethers'. 'C:/Users/IMAOBONG/metasend/node_modules/ethers/lib.esm/index.js' implicitly has an 'any' type.
  Try `npm i --save-dev @types/ethers` if it exists or add a new declaration (.d.ts) file containing `declare module 'ethers';`
typechain-types/@openzeppelin/contracts/interfaces/IERC1363.ts(16,8): error TS7016: Could not find a declaration file for module 'ethers'. 'C:/Users/IMAOBONG/metasend/node_modules/ethers/lib.esm/index.js' implicitly has an 'any' type.
  Try `npm i --save-dev @types/ethers` if it exists or add a new declaration (.d.ts) file containing `declare module 'ethers';`
typechain-types/@openzeppelin/contracts/interfaces/IERC5267.ts(14,8): error TS7016: Could not find a declaration file for module 'ethers'. 'C:/Users/IMAOBONG/metasend/node_modules/ethers/lib.esm/index.js' implicitly has an 'any' type.
  Try `npm i --save-dev @types/ethers` if it exists or add a new declaration (.d.ts) file containing `declare module 'ethers';`
typechain-types/@openzeppelin/contracts/token/ERC20/ERC20.ts(16,8): error TS7016: Could not find a declaration file for module 'ethers'. 'C:/Users/IMAOBONG/metasend/node_modules/ethers/lib.esm/index.js' implicitly has an 'any' type.
  Try `npm i --save-dev @types/ethers` if it exists or add a new declaration (.d.ts) file containing `declare module 'ethers';`
typechain-types/@openzeppelin/contracts/token/ERC20/extensions/ERC20Permit.ts(16,8): error TS7016: Could not find a declaration file for module 'ethers'. 'C:/Users/IMAOBONG/metasend/node_modules/ethers/lib.esm/index.js' implicitly has an 'any' type.
  Try `npm i --save-dev @types/ethers` if it exists or add a new declaration (.d.ts) file containing `declare module 'ethers';`
typechain-types/@openzeppelin/contracts/token/ERC20/extensions/IERC20Metadata.ts(16,8): error TS7016: Could not find a declaration file for module 'ethers'. 'C:/Users/IMAOBONG/metasend/node_modules/ethers/lib.esm/index.js' implicitly has an 'any' type.
  Try `npm i --save-dev @types/ethers` if it exists or add a new declaration (.d.ts) file containing `declare module 'ethers';`
typechain-types/@openzeppelin/contracts/token/ERC20/extensions/IERC20Permit.ts(15,8): error TS7016: Could not find a declaration file for module 'ethers'. 'C:/Users/IMAOBONG/metasend/node_modules/ethers/lib.esm/index.js' implicitly has an 'any' type.
  Try `npm i --save-dev @types/ethers` if it exists or add a new declaration (.d.ts) file containing `declare module 'ethers';`
typechain-types/@openzeppelin/contracts/token/ERC20/IERC20.ts(16,8): error TS7016: Could not find a declaration file for module 'ethers'. 'C:/Users/IMAOBONG/metasend/node_modules/ethers/lib.esm/index.js' implicitly has an 'any' type.
  Try `npm i --save-dev @types/ethers` if it exists or add a new declaration (.d.ts) file containing `declare module 'ethers';`
typechain-types/@openzeppelin/contracts/token/ERC20/utils/SafeERC20.ts(11,8): error TS7016: Could not find a declaration file for module 'ethers'. 'C:/Users/IMAOBONG/metasend/node_modules/ethers/lib.esm/index.js' implicitly has an 'any' type.
  Try `npm i --save-dev @types/ethers` if it exists or add a new declaration (.d.ts) file containing `declare module 'ethers';`
typechain-types/@openzeppelin/contracts/utils/cryptography/ECDSA.ts(11,8): error TS7016: Could not find a declaration file for module 'ethers'. 'C:/Users/IMAOBONG/metasend/node_modules/ethers/lib.esm/index.js' implicitly has an 'any' type.
  Try `npm i --save-dev @types/ethers` if it exists or add a new declaration (.d.ts) file containing `declare module 'ethers';`
typechain-types/@openzeppelin/contracts/utils/cryptography/EIP712.ts(14,8): error TS7016: Could not find a declaration file for module 'ethers'. 'C:/Users/IMAOBONG/metasend/node_modules/ethers/lib.esm/index.js' implicitly has an 'any' type.
  Try `npm i --save-dev @types/ethers` if it exists or add a new declaration (.d.ts) file containing `declare module 'ethers';`
typechain-types/@openzeppelin/contracts/utils/introspection/ERC165.ts(13,8): error TS7016: Could not find a declaration file for module 'ethers'. 'C:/Users/IMAOBONG/metasend/node_modules/ethers/lib.esm/index.js' implicitly has an 'any' type.
  Try `npm i --save-dev @types/ethers` if it exists or add a new declaration (.d.ts) file containing `declare module 'ethers';`
typechain-types/@openzeppelin/contracts/utils/introspection/IERC165.ts(13,8): error TS7016: Could not find a declaration file for module 'ethers'. 'C:/Users/IMAOBONG/metasend/node_modules/ethers/lib.esm/index.js' implicitly has an 'any' type.
  Try `npm i --save-dev @types/ethers` if it exists or add a new declaration (.d.ts) file containing `declare module 'ethers';`
typechain-types/@openzeppelin/contracts/utils/math/SafeCast.ts(11,8): error TS7016: Could not find a declaration file for module 'ethers'. 'C:/Users/IMAOBONG/metasend/node_modules/ethers/lib.esm/index.js' implicitly has an 'any' type.
  Try `npm i --save-dev @types/ethers` if it exists or add a new declaration (.d.ts) file containing `declare module 'ethers';`
typechain-types/@openzeppelin/contracts/utils/Nonces.ts(14,8): error TS7016: Could not find a declaration file for module 'ethers'. 'C:/Users/IMAOBONG/metasend/node_modules/ethers/lib.esm/index.js' implicitly has an 'any' type.
  Try `npm i --save-dev @types/ethers` if it exists or add a new declaration (.d.ts) file containing `declare module 'ethers';`
typechain-types/@openzeppelin/contracts/utils/Pausable.ts(15,8): error TS7016: Could not find a declaration file for module 'ethers'. 'C:/Users/IMAOBONG/metasend/node_modules/ethers/lib.esm/index.js' implicitly has an 'any' type.
  Try `npm i --save-dev @types/ethers` if it exists or add a new declaration (.d.ts) file containing `declare module 'ethers';`
typechain-types/@openzeppelin/contracts/utils/ReentrancyGuard.ts(11,8): error TS7016: Could not find a declaration file for module 'ethers'. 'C:/Users/IMAOBONG/metasend/node_modules/ethers/lib.esm/index.js' implicitly has an 'any' type.
  Try `npm i --save-dev @types/ethers` if it exists or add a new declaration (.d.ts) file containing `declare module 'ethers';`
typechain-types/@openzeppelin/contracts/utils/ShortStrings.ts(11,8): error TS7016: Could not find a declaration file for module 'ethers'. 'C:/Users/IMAOBONG/metasend/node_modules/ethers/lib.esm/index.js' implicitly has an 'any' type.
  Try `npm i --save-dev @types/ethers` if it exists or add a new declaration (.d.ts) file containing `declare module 'ethers';`
typechain-types/@openzeppelin/contracts/utils/Strings.ts(11,8): error TS7016: Could not find a declaration file for module 'ethers'. 'C:/Users/IMAOBONG/metasend/node_modules/ethers/lib.esm/index.js' implicitly has an 'any' type.
  Try `npm i --save-dev @types/ethers` if it exists or add a new declaration (.d.ts) file containing `declare module 'ethers';`
typechain-types/common.ts(14,8): error TS7016: Could not find a declaration file for module 'ethers'. 'C:/Users/IMAOBONG/metasend/node_modules/ethers/lib.esm/index.js' implicitly has an 'any' type.
  Try `npm i --save-dev @types/ethers` if it exists or add a new declaration (.d.ts) file containing `declare module 'ethers';`
typechain-types/common.ts(102,22): error TS2344: Type '{ [I in keyof A]-?: any; }' does not satisfy the constraint 'any[]'.
typechain-types/common.ts(112,4): error TS2370: A rest parameter must be of an array type.
typechain-types/common.ts(120,15): error TS2370: A rest parameter must be of an array type.
typechain-types/common.ts(123,5): error TS2370: A rest parameter must be of an array type.
typechain-types/common.ts(126,5): error TS2370: A rest parameter must be of an array type.
typechain-types/common.ts(128,8): error TS2370: A rest parameter must be of an array type.
typechain-types/common.ts(129,15): error TS2370: A rest parameter must be of an array type.
typechain-types/common.ts(130,20): error TS2370: A rest parameter must be of an array type.
typechain-types/contracts/mocks/MockUSDC.ts(16,8): error TS7016: Could not find a declaration file for module 'ethers'. 'C:/Users/IMAOBONG/metasend/node_modules/ethers/lib.esm/index.js' implicitly has an 'any' type.
  Try `npm i --save-dev @types/ethers` if it exists or add a new declaration (.d.ts) file containing `declare module 'ethers';`
typechain-types/contracts/SharedEscrow.ts(16,8): error TS7016: Could not find a declaration file for module 'ethers'. 'C:/Users/IMAOBONG/metasend/node_modules/ethers/lib.esm/index.js' implicitly has an 'any' type.
  Try `npm i --save-dev @types/ethers` if it exists or add a new declaration (.d.ts) file containing `declare module 'ethers';`
typechain-types/factories/@openzeppelin/contracts/access/AccessControl__factory.ts(5,58): error TS7016: Could not find a declaration file for module 'ethers'. 'C:/Users/IMAOBONG/metasend/node_modules/ethers/lib.esm/index.js' implicitly has an 'any' type.
  Try `npm i --save-dev @types/ethers` if it exists or add a new declaration (.d.ts) file containing `declare module 'ethers';`
typechain-types/factories/@openzeppelin/contracts/access/IAccessControl__factory.ts(5,58): error TS7016: Could not find a declaration file for module 'ethers'. 'C:/Users/IMAOBONG/metasend/node_modules/ethers/lib.esm/index.js' implicitly has an 'any' type.
  Try `npm i --save-dev @types/ethers` if it exists or add a new declaration (.d.ts) file containing `declare module 'ethers';`
typechain-types/factories/@openzeppelin/contracts/interfaces/draft-IERC6093.sol/IERC1155Errors__factory.ts(5,58): error TS7016: Could not find a declaration file for module 'ethers'. 'C:/Users/IMAOBONG/metasend/node_modules/ethers/lib.esm/index.js' implicitly has an 'any' type.
  Try `npm i --save-dev @types/ethers` if it exists or add a new declaration (.d.ts) file containing `declare module 'ethers';`
typechain-types/factories/@openzeppelin/contracts/interfaces/draft-IERC6093.sol/IERC20Errors__factory.ts(5,58): error TS7016: Could not find a declaration file for module 'ethers'. 'C:/Users/IMAOBONG/metasend/node_modules/ethers/lib.esm/index.js' implicitly has an 'any' type.
  Try `npm i --save-dev @types/ethers` if it exists or add a new declaration (.d.ts) file containing `declare module 'ethers';`
typechain-types/factories/@openzeppelin/contracts/interfaces/draft-IERC6093.sol/IERC721Errors__factory.ts(5,58): error TS7016: Could not find a declaration file for module 'ethers'. 'C:/Users/IMAOBONG/metasend/node_modules/ethers/lib.esm/index.js' implicitly has an 'any' type.
  Try `npm i --save-dev @types/ethers` if it exists or add a new declaration (.d.ts) file containing `declare module 'ethers';`
typechain-types/factories/@openzeppelin/contracts/interfaces/IERC1363__factory.ts(5,58): error TS7016: Could not find a declaration file for module 'ethers'. 'C:/Users/IMAOBONG/metasend/node_modules/ethers/lib.esm/index.js' implicitly has an 'any' type.
  Try `npm i --save-dev @types/ethers` if it exists or add a new declaration (.d.ts) file containing `declare module 'ethers';`
typechain-types/factories/@openzeppelin/contracts/interfaces/IERC5267__factory.ts(5,58): error TS7016: Could not find a declaration file for module 'ethers'. 'C:/Users/IMAOBONG/metasend/node_modules/ethers/lib.esm/index.js' implicitly has an 'any' type.
  Try `npm i --save-dev @types/ethers` if it exists or add a new declaration (.d.ts) file containing `declare module 'ethers';`
typechain-types/factories/@openzeppelin/contracts/token/ERC20/ERC20__factory.ts(5,58): error TS7016: Could not find a declaration file for module 'ethers'. 'C:/Users/IMAOBONG/metasend/node_modules/ethers/lib.esm/index.js' implicitly has an 'any' type.
  Try `npm i --save-dev @types/ethers` if it exists or add a new declaration (.d.ts) file containing `declare module 'ethers';`
typechain-types/factories/@openzeppelin/contracts/token/ERC20/extensions/ERC20Permit__factory.ts(5,58): error TS7016: Could not find a declaration file for module 'ethers'. 'C:/Users/IMAOBONG/metasend/node_modules/ethers/lib.esm/index.js' implicitly has an 'any' type.
  Try `npm i --save-dev @types/ethers` if it exists or add a new declaration (.d.ts) file containing `declare module 'ethers';`
typechain-types/factories/@openzeppelin/contracts/token/ERC20/extensions/IERC20Metadata__factory.ts(5,58): error TS7016: Could not find a declaration file for module 'ethers'. 'C:/Users/IMAOBONG/metasend/node_modules/ethers/lib.esm/index.js' implicitly has an 'any' type.
  Try `npm i --save-dev @types/ethers` if it exists or add a new declaration (.d.ts) file containing `declare module 'ethers';`
typechain-types/factories/@openzeppelin/contracts/token/ERC20/extensions/IERC20Permit__factory.ts(5,58): error TS7016: Could not find a declaration file for module 'ethers'. 'C:/Users/IMAOBONG/metasend/node_modules/ethers/lib.esm/index.js' implicitly has an 'any' type.
  Try `npm i --save-dev @types/ethers` if it exists or add a new declaration (.d.ts) file containing `declare module 'ethers';`
typechain-types/factories/@openzeppelin/contracts/token/ERC20/IERC20__factory.ts(5,58): error TS7016: Could not find a declaration file for module 'ethers'. 'C:/Users/IMAOBONG/metasend/node_modules/ethers/lib.esm/index.js' implicitly has an 'any' type.
  Try `npm i --save-dev @types/ethers` if it exists or add a new declaration (.d.ts) file containing `declare module 'ethers';`
typechain-types/factories/@openzeppelin/contracts/token/ERC20/utils/SafeERC20__factory.ts(9,8): error TS7016: Could not find a declaration file for module 'ethers'. 'C:/Users/IMAOBONG/metasend/node_modules/ethers/lib.esm/index.js' implicitly has an 'any' type.
  Try `npm i --save-dev @types/ethers` if it exists or add a new declaration (.d.ts) file containing `declare module 'ethers';`
typechain-types/factories/@openzeppelin/contracts/token/ERC20/utils/SafeERC20__factory.ts(10,72): error TS7016: Could not find a declaration file for module 'ethers'. 'C:/Users/IMAOBONG/metasend/node_modules/ethers/lib.esm/index.js' implicitly has an 'any' type.
  Try `npm i --save-dev @types/ethers` if it exists or add a new declaration (.d.ts) file containing `declare module 'ethers';`
typechain-types/factories/@openzeppelin/contracts/token/ERC20/utils/SafeERC20__factory.ts(72,12): error TS4112: This member cannot have an 'override' modifier because its containing class 'SafeERC20__factory' does not extend another class.
typechain-types/factories/@openzeppelin/contracts/token/ERC20/utils/SafeERC20__factory.ts(77,12): error TS4112: This member cannot have an 'override' modifier because its containing class 'SafeERC20__factory' does not extend another class.
typechain-types/factories/@openzeppelin/contracts/token/ERC20/utils/SafeERC20__factory.ts(84,12): error TS4112: This member cannot have an 'override' modifier because its containing class 'SafeERC20__factory' does not extend another class.
typechain-types/factories/@openzeppelin/contracts/utils/cryptography/ECDSA__factory.ts(9,8): error TS7016: Could not find a declaration file for module 'ethers'. 'C:/Users/IMAOBONG/metasend/node_modules/ethers/lib.esm/index.js' implicitly has an 'any' type.
  Try `npm i --save-dev @types/ethers` if it exists or add a new declaration (.d.ts) file containing `declare module 'ethers';`
typechain-types/factories/@openzeppelin/contracts/utils/cryptography/ECDSA__factory.ts(10,72): error TS7016: Could not find a declaration file for module 'ethers'. 'C:/Users/IMAOBONG/metasend/node_modules/ethers/lib.esm/index.js' implicitly has an 'any' type.
  Try `npm i --save-dev @types/ethers` if it exists or add a new declaration (.d.ts) file containing `declare module 'ethers';`
typechain-types/factories/@openzeppelin/contracts/utils/cryptography/ECDSA__factory.ts(67,12): error TS4112: This member cannot have an 'override' modifier because its containing class 'ECDSA__factory' does not extend another class.
typechain-types/factories/@openzeppelin/contracts/utils/cryptography/ECDSA__factory.ts(72,12): error TS4112: This member cannot have an 'override' modifier because its containing class 'ECDSA__factory' does not extend another class.
typechain-types/factories/@openzeppelin/contracts/utils/cryptography/ECDSA__factory.ts(79,12): error TS4112: This member cannot have an 'override' modifier because its containing class 'ECDSA__factory' does not extend another class.
typechain-types/factories/@openzeppelin/contracts/utils/cryptography/EIP712__factory.ts(5,58): error TS7016: Could not find a declaration file for module 'ethers'. 'C:/Users/IMAOBONG/metasend/node_modules/ethers/lib.esm/index.js' implicitly has an 'any' type.
  Try `npm i --save-dev @types/ethers` if it exists or add a new declaration (.d.ts) file containing `declare module 'ethers';`
typechain-types/factories/@openzeppelin/contracts/utils/introspection/ERC165__factory.ts(5,58): error TS7016: Could not find a declaration file for module 'ethers'. 'C:/Users/IMAOBONG/metasend/node_modules/ethers/lib.esm/index.js' implicitly has an 'any' type.
  Try `npm i --save-dev @types/ethers` if it exists or add a new declaration (.d.ts) file containing `declare module 'ethers';`
typechain-types/factories/@openzeppelin/contracts/utils/introspection/IERC165__factory.ts(5,58): error TS7016: Could not find a declaration file for module 'ethers'. 'C:/Users/IMAOBONG/metasend/node_modules/ethers/lib.esm/index.js' implicitly has an 'any' type.
  Try `npm i --save-dev @types/ethers` if it exists or add a new declaration (.d.ts) file containing `declare module 'ethers';`
typechain-types/factories/@openzeppelin/contracts/utils/math/SafeCast__factory.ts(9,8): error TS7016: Could not find a declaration file for module 'ethers'. 'C:/Users/IMAOBONG/metasend/node_modules/ethers/lib.esm/index.js' implicitly has an 'any' type.
  Try `npm i --save-dev @types/ethers` if it exists or add a new declaration (.d.ts) file containing `declare module 'ethers';`
typechain-types/factories/@openzeppelin/contracts/utils/math/SafeCast__factory.ts(10,72): error TS7016: Could not find a declaration file for module 'ethers'. 'C:/Users/IMAOBONG/metasend/node_modules/ethers/lib.esm/index.js' implicitly has an 'any' type.
  Try `npm i --save-dev @types/ethers` if it exists or add a new declaration (.d.ts) file containing `declare module 'ethers';`
typechain-types/factories/@openzeppelin/contracts/utils/math/SafeCast__factory.ts(94,12): error TS4112: This member cannot have an 'override' modifier because its containing class 'SafeCast__factory' does not extend another class.
typechain-types/factories/@openzeppelin/contracts/utils/math/SafeCast__factory.ts(99,12): error TS4112: This member cannot have an 'override' modifier because its containing class 'SafeCast__factory' does not extend another class.
typechain-types/factories/@openzeppelin/contracts/utils/math/SafeCast__factory.ts(106,12): error TS4112: This member cannot have an 'override' modifier because its containing class 'SafeCast__factory' does not extend another class.
typechain-types/factories/@openzeppelin/contracts/utils/Nonces__factory.ts(5,58): error TS7016: Could not find a declaration file for module 'ethers'. 'C:/Users/IMAOBONG/metasend/node_modules/ethers/lib.esm/index.js' implicitly has an 'any' type.
  Try `npm i --save-dev @types/ethers` if it exists or add a new declaration (.d.ts) file containing `declare module 'ethers';`
typechain-types/factories/@openzeppelin/contracts/utils/Pausable__factory.ts(5,58): error TS7016: Could not find a declaration file for module 'ethers'. 'C:/Users/IMAOBONG/metasend/node_modules/ethers/lib.esm/index.js' implicitly has an 'any' type.
  Try `npm i --save-dev @types/ethers` if it exists or add a new declaration (.d.ts) file containing `declare module 'ethers';`
typechain-types/factories/@openzeppelin/contracts/utils/ReentrancyGuard__factory.ts(5,58): error TS7016: Could not find a declaration file for module 'ethers'. 'C:/Users/IMAOBONG/metasend/node_modules/ethers/lib.esm/index.js' implicitly has an 'any' type.
  Try `npm i --save-dev @types/ethers` if it exists or add a new declaration (.d.ts) file containing `declare module 'ethers';`
typechain-types/factories/@openzeppelin/contracts/utils/ShortStrings__factory.ts(9,8): error TS7016: Could not find a declaration file for module 'ethers'. 'C:/Users/IMAOBONG/metasend/node_modules/ethers/lib.esm/index.js' implicitly has an 'any' type.
  Try `npm i --save-dev @types/ethers` if it exists or add a new declaration (.d.ts) file containing `declare module 'ethers';`
typechain-types/factories/@openzeppelin/contracts/utils/ShortStrings__factory.ts(10,72): error TS7016: Could not find a declaration file for module 'ethers'. 'C:/Users/IMAOBONG/metasend/node_modules/ethers/lib.esm/index.js' implicitly has an 'any' type.
  Try `npm i --save-dev @types/ethers` if it exists or add a new declaration (.d.ts) file containing `declare module 'ethers';`
typechain-types/factories/@openzeppelin/contracts/utils/ShortStrings__factory.ts(56,12): error TS4112: This member cannot have an 'override' modifier because its containing class 'ShortStrings__factory' does not extend another class.
typechain-types/factories/@openzeppelin/contracts/utils/ShortStrings__factory.ts(61,12): error TS4112: This member cannot have an 'override' modifier because its containing class 'ShortStrings__factory' does not extend another class.
typechain-types/factories/@openzeppelin/contracts/utils/ShortStrings__factory.ts(68,12): error TS4112: This member cannot have an 'override' modifier because its containing class 'ShortStrings__factory' does not extend another class.
typechain-types/factories/@openzeppelin/contracts/utils/Strings__factory.ts(9,8): error TS7016: Could not find a declaration file for module 'ethers'. 'C:/Users/IMAOBONG/metasend/node_modules/ethers/lib.esm/index.js' implicitly has an 'any' type.
  Try `npm i --save-dev @types/ethers` if it exists or add a new declaration (.d.ts) file containing `declare module 'ethers';`
typechain-types/factories/@openzeppelin/contracts/utils/Strings__factory.ts(10,72): error TS7016: Could not find a declaration file for module 'ethers'. 'C:/Users/IMAOBONG/metasend/node_modules/ethers/lib.esm/index.js' implicitly has an 'any' type.
  Try `npm i --save-dev @types/ethers` if it exists or add a new declaration (.d.ts) file containing `declare module 'ethers';`
typechain-types/factories/@openzeppelin/contracts/utils/Strings__factory.ts(66,12): error TS4112: This member cannot have an 'override' modifier because its containing class 'Strings__factory' does not extend another class.
typechain-types/factories/@openzeppelin/contracts/utils/Strings__factory.ts(71,12): error TS4112: This member cannot have an 'override' modifier because its containing class 'Strings__factory' does not extend another class.
typechain-types/factories/@openzeppelin/contracts/utils/Strings__factory.ts(78,12): error TS4112: This member cannot have an 'override' modifier because its containing class 'Strings__factory' does not extend another class.
typechain-types/factories/contracts/mocks/MockUSDC__factory.ts(9,8): error TS7016: Could not find a declaration file for module 'ethers'. 'C:/Users/IMAOBONG/metasend/node_modules/ethers/lib.esm/index.js' implicitly has an 'any' type.
  Try `npm i --save-dev @types/ethers` if it exists or add a new declaration (.d.ts) file containing `declare module 'ethers';`
typechain-types/factories/contracts/mocks/MockUSDC__factory.ts(10,72): error TS7016: Could not find a declaration file for module 'ethers'. 'C:/Users/IMAOBONG/metasend/node_modules/ethers/lib.esm/index.js' implicitly has an 'any' type.
  Try `npm i --save-dev @types/ethers` if it exists or add a new declaration (.d.ts) file containing `declare module 'ethers';`
typechain-types/factories/contracts/mocks/MockUSDC__factory.ts(581,12): error TS4112: This member cannot have an 'override' modifier because its containing class 'MockUSDC__factory' does not extend another class.
typechain-types/factories/contracts/mocks/MockUSDC__factory.ts(586,12): error TS4112: This member cannot have an 'override' modifier because its containing class 'MockUSDC__factory' does not extend another class.
typechain-types/factories/contracts/mocks/MockUSDC__factory.ts(593,12): error TS4112: This member cannot have an 'override' modifier because its containing class 'MockUSDC__factory' does not extend another class.
typechain-types/factories/contracts/SharedEscrow__factory.ts(9,8): error TS7016: Could not find a declaration file for module 'ethers'. 'C:/Users/IMAOBONG/metasend/node_modules/ethers/lib.esm/index.js' implicitly has an 'any' type.
  Try `npm i --save-dev @types/ethers` if it exists or add a new declaration (.d.ts) file containing `declare module 'ethers';`
typechain-types/factories/contracts/SharedEscrow__factory.ts(15,8): error TS7016: Could not find a declaration file for module 'ethers'. 'C:/Users/IMAOBONG/metasend/node_modules/ethers/lib.esm/index.js' implicitly has an 'any' type.
  Try `npm i --save-dev @types/ethers` if it exists or add a new declaration (.d.ts) file containing `declare module 'ethers';`
typechain-types/factories/contracts/SharedEscrow__factory.ts(745,12): error TS4112: This member cannot have an 'override' modifier because its containing class 'SharedEscrow__factory' does not extend another class.
typechain-types/factories/contracts/SharedEscrow__factory.ts(751,12): error TS4112: This member cannot have an 'override' modifier because its containing class 'SharedEscrow__factory' does not extend another class.
typechain-types/factories/contracts/SharedEscrow__factory.ts(761,12): error TS4112: This member cannot have an 'override' modifier because its containing class 'SharedEscrow__factory' does not extend another class.
